// Jest Snapshot v1, https://goo.gl/fbAQLP

exports[`createGlobalStyle should throw error when children are passed as props 1`] = `""`;
